// Jest Snapshot v1, https://goo.gl/fbAQLP

exports[`<User/> should render child component 1`] = `
<Hey>
  <p>
    Heyyy
  </p>
</Hey>
`;
